[
  [
    "-push-notification.$domain=~github.com",
    [
      557720
    ]
  ],
  [
    "-push-notification/$domain=~github.com",
    [
      557721
    ]
  ],
  [
    "/accusmartwebpush-fire-push-public.js",
    [
      557722
    ]
  ],
  [
    "/al-fb-notification/assets/scripts/al-main-script.js",
    [
      557723
    ]
  ],
  [
    "/amp-user-notification-",
    [
      557724
    ]
  ],
  [
    "/amp-web-push-0.1.js",
    [
      557725
    ]
  ],
  [
    "/assets/www/notification.",
    [
      557726
    ]
  ],
  [
    "/build/push.js",
    [
      557727
    ]
  ],
  [
    "/checkPush.js",
    [
      557728
    ]
  ],
  [
    "/content/js/push.js",
    [
      557729
    ]
  ],
  [
    "/fcmPush.js",
    [
      557730
    ]
  ],
  [
    "/FeedifySW.js",
    [
      557731
    ]
  ],
  [
    "/flying_push.js",
    [
      557732
    ]
  ],
  [
    "/ilabspush.min.js",
    [
      557733
    ]
  ],
  [
    "/inpl.webpush.js",
    [
      557734
    ]
  ],
  [
    "/jquery-notification.js",
    [
      557735
    ]
  ],
  [
    "/jsb/pushnotifications?",
    [
      557736
    ]
  ],
  [
    "/list_notificaciones.php",
    [
      557737
    ]
  ],
  [
    "/maximizly-push.js",
    [
      557738
    ]
  ],
  [
    "/modules/notifications.$domain=~forum.vivaldi.net",
    [
      557739
    ]
  ],
  [
    "/mp-web-notification.js",
    [
      557740
    ]
  ],
  [
    "/notification-prod-sw.js",
    [
      557741
    ]
  ],
  [
    "/notification-sw.js",
    [
      557742
    ]
  ],
  [
    "/notification/notify.js",
    [
      557743
    ]
  ],
  [
    "/notifyme.js",
    [
      557744
    ]
  ],
  [
    "/notifyme.min.js",
    [
      557745
    ]
  ],
  [
    "/one-signal.js",
    [
      557746
    ]
  ],
  [
    "/one-signal.min.js",
    [
      557747
    ]
  ],
  [
    "/onesignal.js",
    [
      557748
    ]
  ],
  [
    "/onesignal.min.",
    [
      557749
    ]
  ],
  [
    "/onesignal/manifest.",
    [
      557750
    ]
  ],
  [
    "/onesignalfix.js",
    [
      557751
    ]
  ],
  [
    "/OneSignalSDKUpdaterWorker.js",
    [
      557752
    ]
  ],
  [
    "/OneSignalSDKWorker.js",
    [
      557753
    ]
  ],
  [
    "/perfecty-push-sdk.min.js",
    [
      557754
    ]
  ],
  [
    "/plugins/tfnotifier-wp/swloader.php",
    [
      557755
    ]
  ],
  [
    "/push-notification.js",
    [
      557756
    ]
  ],
  [
    "/push-notification.min.js",
    [
      557757
    ]
  ],
  [
    "/push-notification/*$domain=~upwork.com",
    [
      557758
    ]
  ],
  [
    "/push-notifications.$~stylesheet",
    [
      557759
    ]
  ],
  [
    "/push-notifications/*",
    [
      557760
    ]
  ],
  [
    "/push-notifications?",
    [
      557761
    ]
  ],
  [
    "/push-sw.js",
    [
      557762
    ]
  ],
  [
    "/push-worker-$script",
    [
      557763
    ]
  ],
  [
    "/push-wrap.js",
    [
      557764
    ]
  ],
  [
    "/push/sbscr.js",
    [
      557765
    ]
  ],
  [
    "/push/sbscrp.js",
    [
      557766
    ]
  ],
  [
    "/push/subscribe.js",
    [
      557767
    ]
  ],
  [
    "/push_app.js",
    [
      557768
    ]
  ],
  [
    "/push_notification.js",
    [
      557769
    ]
  ],
  [
    "/push_notification.min.js",
    [
      557770
    ]
  ],
  [
    "/push_notification/*",
    [
      557771
    ]
  ],
  [
    "/push_notifications.js",
    [
      557772
    ]
  ],
  [
    "/push_subscription.js",
    [
      557773
    ]
  ],
  [
    "/pushes/firebase.js",
    [
      557774
    ]
  ],
  [
    "/pushes/notification.js",
    [
      557775
    ]
  ],
  [
    "/PushexSDK.js",
    [
      557776
    ]
  ],
  [
    "/pushly-sdk.min.js",
    [
      557777
    ]
  ],
  [
    "/pushNotification.js",
    [
      557778
    ]
  ],
  [
    "/pushNotifications.js",
    [
      557779
    ]
  ],
  [
    "/pushnotifications/*",
    [
      557780
    ]
  ],
  [
    "/pushNotificationSdkJS.js",
    [
      557781
    ]
  ],
  [
    "/pushpro-lib.js",
    [
      557782
    ]
  ],
  [
    "/pushsubscribe.js",
    [
      557783
    ]
  ],
  [
    "/pushv2.js",
    [
      557784
    ]
  ],
  [
    "/pushwoosh-service-worker.js",
    [
      557785
    ]
  ],
  [
    "/pushwoosh-web-notifications.js",
    [
      557786
    ]
  ],
  [
    "/pushwoosh-web-pushes-http-sdk.js",
    [
      557787
    ]
  ],
  [
    "/pushy-ver.js",
    [
      557788
    ]
  ],
  [
    "/scripts/onesignal.js",
    [
      557789
    ]
  ],
  [
    "/site-notification-desk.min.js",
    [
      557790
    ]
  ],
  [
    "/smio-push-notification/js/frontend_webpush.js",
    [
      557791
    ]
  ],
  [
    "/subscribe-push-notifications.js",
    [
      557792
    ]
  ],
  [
    "/web-push-notifications.js",
    [
      557793
    ]
  ],
  [
    "/web-push.js",
    [
      557794
    ]
  ],
  [
    "/web-push/init.min.js",
    [
      557795
    ]
  ],
  [
    "/webalert-notification.js",
    [
      557796
    ]
  ],
  [
    "/webnotf.js",
    [
      557797
    ]
  ],
  [
    "/webnotification.js",
    [
      557798
    ]
  ],
  [
    "/webpush-production.js",
    [
      557799
    ]
  ],
  [
    "/webpush.js",
    [
      557800
    ]
  ],
  [
    "/webpush.min.js",
    [
      557801
    ]
  ],
  [
    "/webpush_register.php",
    [
      557802
    ]
  ],
  [
    "/webPushNotifications.js",
    [
      557803
    ]
  ],
  [
    "/wonderpush-loader.min.js",
    [
      557804
    ]
  ],
  [
    "/wonderpush.js",
    [
      557805
    ]
  ],
  [
    "/wonderpush.min.js",
    [
      557806
    ]
  ],
  [
    "/wordpress-fire-push-public.js",
    [
      557807
    ]
  ],
  [
    "/wp-notification-bars-public.js",
    [
      557808
    ]
  ],
  [
    "/app-banner/*$xmlhttprequest",
    [
      557809
    ]
  ],
  [
    "/jquery.androidbanner.js",
    [
      557810
    ]
  ],
  [
    "/js-mobile-*/header_$script",
    [
      557811
    ]
  ],
  [
    "/js/jquery.smartbanner.js|",
    [
      557812
    ]
  ],
  [
    "/js/jquery.smartbanner.min.js|",
    [
      557813
    ]
  ],
  [
    "/mobile-welcome-overlay/*$script",
    [
      557814
    ]
  ],
  [
    "/smart-app-banner.js",
    [
      557815
    ]
  ],
  [
    "||api-push.com^$third-party",
    [
      557816
    ]
  ],
  [
    "||bildirnet.com^$third-party",
    [
      557817
    ]
  ],
  [
    "||braze.com^$third-party",
    [
      557818
    ]
  ],
  [
    "||cappushino.com^$third-party",
    [
      557819
    ]
  ],
  [
    "||cdn.qgr.ph^$third-party",
    [
      557820
    ]
  ],
  [
    "||cdn.qgraph.io^$third-party",
    [
      557821
    ]
  ],
  [
    "||centrnotify.com^$third-party",
    [
      557822
    ]
  ],
  [
    "||checke.biz^$third-party",
    [
      557823
    ]
  ],
  [
    "||confirmit.com^$third-party",
    [
      557824
    ]
  ],
  [
    "||conforama-push.com^$third-party",
    [
      557825
    ]
  ],
  [
    "||contentsitesrv.com/js/push/$third-party",
    [
      557826
    ]
  ],
  [
    "||css.xjsx.lol^$third-party",
    [
      557827
    ]
  ],
  [
    "||digipush.io^$third-party",
    [
      557828
    ]
  ],
  [
    "||dpns-notifications.com^$third-party",
    [
      557829
    ]
  ],
  [
    "||easyfeeed.com^$third-party",
    [
      557830
    ]
  ],
  [
    "||evolok.net^$third-party",
    [
      557831
    ]
  ],
  [
    "||farteniuson.com^$third-party",
    [
      557832
    ]
  ],
  [
    "||getnotification.me^$third-party",
    [
      557833
    ]
  ],
  [
    "||irpush.com^$third-party",
    [
      557834
    ]
  ],
  [
    "||jubi.ai/buttonbot/$script,third-party",
    [
      557835
    ]
  ],
  [
    "||krakenoptimize.com^$third-party",
    [
      557836
    ]
  ],
  [
    "||luravius.com^$third-party",
    [
      557837
    ]
  ],
  [
    "||medallia.com^*/onsite/embed.js",
    [
      557838
    ]
  ],
  [
    "||neopush.io^$third-party",
    [
      557839
    ]
  ],
  [
    "||news2day.me^$third-party",
    [
      557840
    ]
  ],
  [
    "||newsmemory.com/?meter",
    [
      557841
    ]
  ],
  [
    "||notification-time.com^$third-party",
    [
      557842
    ]
  ],
  [
    "||notification.tubecup.net^",
    [
      557843
    ]
  ],
  [
    "||notifications.ltd^$third-party",
    [
      557844
    ]
  ],
  [
    "||notifstation.com^$third-party",
    [
      557845
    ]
  ],
  [
    "||notix.io^$third-party",
    [
      557846
    ]
  ],
  [
    "||ntvsw.com^$third-party",
    [
      557847
    ]
  ],
  [
    "||partishion.com^$third-party",
    [
      557848
    ]
  ],
  [
    "||pathlime.com^$third-party",
    [
      557849
    ]
  ],
  [
    "||popmechanic.ru^$third-party",
    [
      557850
    ]
  ],
  [
    "||propush.net^$third-party",
    [
      557851
    ]
  ],
  [
    "||pt.appirits.com^$third-party",
    [
      557852
    ]
  ],
  [
    "||puscomosca.com^$third-party",
    [
      557853
    ]
  ],
  [
    "||push-centr.com^$third-party",
    [
      557854
    ]
  ],
  [
    "||push-centr.net^$third-party",
    [
      557855
    ]
  ],
  [
    "||push-engage.com^$third-party",
    [
      557856
    ]
  ],
  [
    "||push-notifications.top^$third-party",
    [
      557857
    ]
  ],
  [
    "||push-pro.net^$third-party",
    [
      557858
    ]
  ],
  [
    "||push.bytesignal.com^",
    [
      557859
    ]
  ],
  [
    "||push.daksham.in^$third-party",
    [
      557860
    ]
  ],
  [
    "||push.delivery.ethinking.de^",
    [
      557861
    ]
  ],
  [
    "||push.delivery^$third-party",
    [
      557862
    ]
  ],
  [
    "||push.esputnik.com^",
    [
      557863
    ]
  ],
  [
    "||push.getbeamer.com^",
    [
      557864
    ]
  ],
  [
    "||push.knd.ro^",
    [
      557865
    ]
  ],
  [
    "||push.newscraft.io^",
    [
      557866
    ]
  ],
  [
    "||push.reamaze.com^",
    [
      557867
    ]
  ],
  [
    "||push.rollout.io^$third-party",
    [
      557868
    ]
  ],
  [
    "||push.world^$third-party",
    [
      557869
    ]
  ],
  [
    "||pushaddict.com^$third-party",
    [
      557870
    ]
  ],
  [
    "||pushango.com^$third-party",
    [
      557871
    ]
  ],
  [
    "||pushassist.com^$third-party",
    [
      557872
    ]
  ],
  [
    "||pushaya.com^$third-party",
    [
      557873
    ]
  ],
  [
    "||pushbaza.com^$third-party",
    [
      557874
    ]
  ],
  [
    "||pushbots.com^$third-party",
    [
      557875
    ]
  ],
  [
    "||pushbox.info^$third-party",
    [
      557876
    ]
  ],
  [
    "||pushcentr.com^$third-party",
    [
      557877
    ]
  ],
  [
    "||pushchev.info^$third-party",
    [
      557878
    ]
  ],
  [
    "||pushcrew.com^$third-party",
    [
      557879
    ]
  ],
  [
    "||pushdealer.com^$third-party",
    [
      557880
    ]
  ],
  [
    "||pushe.co^$third-party",
    [
      557881
    ]
  ],
  [
    "||pusherapp.com^$third-party",
    [
      557882
    ]
  ],
  [
    "||pushinpage.com^$third-party",
    [
      557883
    ]
  ],
  [
    "||pushinstruments.com^$third-party",
    [
      557884
    ]
  ],
  [
    "||pushjunky.com^$third-party",
    [
      557885
    ]
  ],
  [
    "||pushkahouse.com^$third-party",
    [
      557886
    ]
  ],
  [
    "||pushkaplus.com^$third-party",
    [
      557887
    ]
  ],
  [
    "||pushly.com^$third-party",
    [
      557888
    ]
  ],
  [
    "||pushmaster-cdn.xyz^$third-party",
    [
      557889
    ]
  ],
  [
    "||pushmejs.com^$third-party",
    [
      557890
    ]
  ],
  [
    "||pushnews.eu^$third-party",
    [
      557891
    ]
  ],
  [
    "||pushnotifications.click^$third-party",
    [
      557892
    ]
  ],
  [
    "||pushouse.com^$third-party",
    [
      557893
    ]
  ],
  [
    "||pushowl.com^$third-party",
    [
      557894
    ]
  ],
  [
    "||pushpad.xyz^$third-party",
    [
      557895
    ]
  ],
  [
    "||pushpanda.io^$third-party",
    [
      557896
    ]
  ],
  [
    "||pushpro.io^$third-party",
    [
      557897
    ]
  ],
  [
    "||pushprofit.ru^$third-party",
    [
      557898
    ]
  ],
  [
    "||pushprospush.com^$third-party",
    [
      557899
    ]
  ],
  [
    "||pushpushgo.com^$third-party",
    [
      557900
    ]
  ],
  [
    "||pushstack.it^$third-party",
    [
      557901
    ]
  ],
  [
    "||pushtide.com^$third-party",
    [
      557902
    ]
  ],
  [
    "||pushvip.ru^$third-party",
    [
      557903
    ]
  ],
  [
    "||pushwhy.com^$third-party",
    [
      557904
    ]
  ],
  [
    "||pushy.ai^$third-party",
    [
      557905
    ]
  ],
  [
    "||quarepush.com^$third-party",
    [
      557906
    ]
  ],
  [
    "||quaruzon.com^$third-party",
    [
      557907
    ]
  ],
  [
    "||realpush.media^$third-party",
    [
      557908
    ]
  ],
  [
    "||realpush.network^$third-party",
    [
      557909
    ]
  ],
  [
    "||revpusher.com^$third-party",
    [
      557910
    ]
  ],
  [
    "||sckxppzdm.com^$third-party",
    [
      557911
    ]
  ],
  [
    "||signaly.co^$third-party",
    [
      557912
    ]
  ],
  [
    "||snrcdn.net^$third-party",
    [
      557913
    ]
  ],
  [
    "||spacepush.ru^$third-party",
    [
      557914
    ]
  ],
  [
    "||system-notify.app^$third-party",
    [
      557915
    ]
  ],
  [
    "||topswp.com^$third-party",
    [
      557916
    ]
  ],
  [
    "||unative.com^$third-party",
    [
      557917
    ]
  ],
  [
    "||viafoura.net/push_handlers.js",
    [
      557918
    ]
  ],
  [
    "||virtualpushplatform.com^$third-party",
    [
      557919
    ]
  ],
  [
    "||webpush.jp^$third-party",
    [
      557920
    ]
  ],
  [
    "||webpushr.com^$third-party",
    [
      557921
    ]
  ],
  [
    "||webpushs.com^$third-party",
    [
      557922
    ]
  ],
  [
    "||whitepush.biz^$third-party",
    [
      557923
    ]
  ],
  [
    "||worldpush.co^$third-party",
    [
      557924
    ]
  ],
  [
    "||wps.relateddigital.com^$third-party",
    [
      557925
    ]
  ],
  [
    "||wpush.biz^$third-party",
    [
      557926
    ]
  ],
  [
    "||wpushsdk.com^$third-party",
    [
      557927
    ]
  ],
  [
    "||xedo.me^$third-party",
    [
      557928
    ]
  ],
  [
    "||youlead.pl/webpushprompt.js",
    [
      557929
    ]
  ],
  [
    "||accengage.net^$third-party",
    [
      557930
    ]
  ],
  [
    "||actirinius.com^$third-party",
    [
      557931
    ]
  ],
  [
    "||aimtell.com^$third-party",
    [
      557932
    ]
  ],
  [
    "||alertme.news^$third-party",
    [
      557933
    ]
  ],
  [
    "||amazonaws.com/cdn.aimtell.com/",
    [
      557934
    ]
  ],
  [
    "||aswpsdkeu.com^$third-party",
    [
      557935
    ]
  ],
  [
    "||aswpsdkus.com^$third-party",
    [
      557936
    ]
  ],
  [
    "||bildirt.com^$third-party",
    [
      557937
    ]
  ],
  [
    "||bosspush.com^$third-party",
    [
      557938
    ]
  ],
  [
    "||browserpusher.com^$third-party",
    [
      557939
    ]
  ],
  [
    "||cdn-sitegainer.com^$third-party",
    [
      557940
    ]
  ],
  [
    "||cleverpush.com^$third-party",
    [
      557941
    ]
  ],
  [
    "||copush.com^$third-party",
    [
      557942
    ]
  ],
  [
    "||cracataum.com^$third-party",
    [
      557943
    ]
  ],
  [
    "||danorenius.com^$third-party",
    [
      557944
    ]
  ],
  [
    "||digitalpush.org^$third-party",
    [
      557945
    ]
  ],
  [
    "||edrone.me^$third-party",
    [
      557946
    ]
  ],
  [
    "||face-push.com^$third-party",
    [
      557947
    ]
  ],
  [
    "||feedify.net^$third-party",
    [
      557948
    ]
  ],
  [
    "||feraciumus.com^$third-party",
    [
      557949
    ]
  ],
  [
    "||fernomius.com^$third-party",
    [
      557950
    ]
  ],
  [
    "||fkondate.com^$third-party",
    [
      557951
    ]
  ],
  [
    "||foxpush.com^$third-party",
    [
      557952
    ]
  ],
  [
    "||foxpush.net^$third-party",
    [
      557953
    ]
  ],
  [
    "||getback.ch^$third-party",
    [
      557954
    ]
  ],
  [
    "||getpush.net^$third-party",
    [
      557955
    ]
  ],
  [
    "||getpushmonkey.com^$third-party",
    [
      557956
    ]
  ],
  [
    "||gravitec.net^$third-party",
    [
      557957
    ]
  ],
  [
    "||heroesdom.com^$third-party",
    [
      557958
    ]
  ],
  [
    "||jeeng.com^$third-party",
    [
      557959
    ]
  ],
  [
    "||kattepush.com^$third-party",
    [
      557960
    ]
  ],
  [
    "||master-push.com^$third-party",
    [
      557961
    ]
  ],
  [
    "||master-push.net^$third-party",
    [
      557962
    ]
  ],
  [
    "||misrepush.com^$third-party",
    [
      557963
    ]
  ],
  [
    "||moengage.com^$third-party",
    [
      557964
    ]
  ],
  [
    "||mp3vizor.com^$third-party",
    [
      557965
    ]
  ],
  [
    "||najva.com^$third-party",
    [
      557966
    ]
  ],
  [
    "||nativesubscribe.pro^$third-party",
    [
      557967
    ]
  ],
  [
    "||notifadz.com^$third-party",
    [
      557968
    ]
  ],
  [
    "||notifpush.com^$third-party",
    [
      557969
    ]
  ],
  [
    "||notify.solutions^$third-party",
    [
      557970
    ]
  ],
  [
    "||olgtex.com^$third-party",
    [
      557971
    ]
  ],
  [
    "||on-push.com^$third-party",
    [
      557972
    ]
  ],
  [
    "||onepush.app^$third-party",
    [
      557973
    ]
  ],
  [
    "||provesrc.com^$third-party",
    [
      557974
    ]
  ],
  [
    "||psh.one^$third-party",
    [
      557975
    ]
  ],
  [
    "||push-ad.com^$third-party",
    [
      557976
    ]
  ],
  [
    "||push-free.com^$third-party",
    [
      557977
    ]
  ],
  [
    "||push-house.net^$third-party",
    [
      557978
    ]
  ],
  [
    "||pushalert.co^$third-party",
    [
      557979
    ]
  ],
  [
    "||pushbird.com^$third-party",
    [
      557980
    ]
  ],
  [
    "||pushbullet.com^$third-party",
    [
      557981
    ]
  ],
  [
    "||pushengage.com^$third-party",
    [
      557982
    ]
  ],
  [
    "||pushex.io^$third-party",
    [
      557983
    ]
  ],
  [
    "||pushible.com^$third-party",
    [
      557984
    ]
  ],
  [
    "||pushify.com^$third-party",
    [
      557985
    ]
  ],
  [
    "||pushwoosh.com^$third-party",
    [
      557986
    ]
  ],
  [
    "||reprocautious.com^$third-party",
    [
      557987
    ]
  ],
  [
    "||sendpulse.com^$third-party",
    [
      557988
    ]
  ],
  [
    "||setrowid.com^$third-party",
    [
      557989
    ]
  ],
  [
    "||shroughtened.com^$third-party",
    [
      557990
    ]
  ],
  [
    "||sm-epsilon.com^$third-party",
    [
      557991
    ]
  ],
  [
    "||snd.tc^$third-party",
    [
      557992
    ]
  ],
  [
    "||subscribers.com^$third-party",
    [
      557993
    ]
  ],
  [
    "||truenat.bid^$third-party",
    [
      557994
    ]
  ],
  [
    "||truepush.com^$third-party",
    [
      557995
    ]
  ],
  [
    "||urbanairship.com^$third-party",
    [
      557996
    ]
  ],
  [
    "||viapush.com^$third-party",
    [
      557997
    ]
  ],
  [
    "||webpu.sh^$third-party",
    [
      557998
    ]
  ],
  [
    "||whiteclick.biz^$third-party",
    [
      557999
    ]
  ],
  [
    "||wnpbdan.bid^$third-party",
    [
      558000
    ]
  ],
  [
    "||wonderpush.com^$third-party",
    [
      558001
    ]
  ],
  [
    "||wwclicknews.club^$third-party",
    [
      558002
    ]
  ],
  [
    "||wwclicktm.club^$third-party",
    [
      558003
    ]
  ],
  [
    "||xtremepush.com^$third-party",
    [
      558004
    ]
  ],
  [
    "||app.adjust.net.in/smart_banner",
    [
      558005
    ]
  ],
  [
    "||mobi24.net^$third-party",
    [
      558006
    ]
  ],
  [
    "/firebase-messaging.js$script,domain=tribunnews.com",
    [
      558007
    ]
  ],
  [
    "||9to5terminal.com/push.js",
    [
      558008
    ]
  ],
  [
    "||abendpoint.com/dist/js/push.js",
    [
      558009
    ]
  ],
  [
    "||alerts.ndtv.com^",
    [
      558010
    ]
  ],
  [
    "||alerts.thedailystar.net^",
    [
      558011
    ]
  ],
  [
    "||alibaba.com/sw.js",
    [
      558012
    ]
  ],
  [
    "||annahar.com/assets/js/notifications.js",
    [
      558013
    ]
  ],
  [
    "||astian.org/?push_notification_sw",
    [
      558014
    ]
  ],
  [
    "||bdstatic.com/linksubmit/push.js",
    [
      558015
    ]
  ],
  [
    "||bigbangnews.com/sw.js",
    [
      558016
    ]
  ],
  [
    "||dailymail.co.uk/api/web-push-notification/",
    [
      558017
    ]
  ],
  [
    "||gadgetsnow.com/sw.cms",
    [
      558018
    ]
  ],
  [
    "||gstatic.com/firebasejs/$domain=joins.com",
    [
      558019
    ]
  ],
  [
    "||hindustantimes.com/messaging-sw.js",
    [
      558020
    ]
  ],
  [
    "||hindustantimes.com/sw.js",
    [
      558021
    ]
  ],
  [
    "||hindustantimes.com^*/ht-notification-",
    [
      558022
    ]
  ],
  [
    "||hulkprod.anm.co.uk/api/web-push-notification/",
    [
      558023
    ]
  ],
  [
    "||imyfone.com/*/notification/$script",
    [
      558024
    ]
  ],
  [
    "||indiatimes.com/pn/",
    [
      558025
    ]
  ],
  [
    "||iol.co.za/sw.js",
    [
      558026
    ]
  ],
  [
    "||kogan.com/sw.js",
    [
      558027
    ]
  ],
  [
    "||latestdeals.co.uk/sw.js",
    [
      558028
    ]
  ],
  [
    "||msn.com/bundles/v1/homePage/latest/experiences_conditional-banner",
    [
      558029
    ]
  ],
  [
    "||ndtv.com/js/breaking_pushalert_revised.js",
    [
      558030
    ]
  ],
  [
    "||ndtv.com/sw.js",
    [
      558031
    ]
  ],
  [
    "||newsukraine.rbc.ua/sworker.js",
    [
      558032
    ]
  ],
  [
    "||nookazon.com/firebase-messaging-sw.js",
    [
      558033
    ]
  ],
  [
    "||notify.hindustantimes.com^",
    [
      558034
    ]
  ],
  [
    "||push.cnnindonesia.com^",
    [
      558035
    ]
  ],
  [
    "||renaultsport.com/spip.php?page=sw.js",
    [
      558036
    ]
  ],
  [
    "||rottentomatoes.com/service-worker/sw.js",
    [
      558037
    ]
  ],
  [
    "||rt.com/homescreen-sw.js",
    [
      558038
    ]
  ],
  [
    "||sammobile.com/wp-content/plugins/sam-push-notifications/",
    [
      558039
    ]
  ],
  [
    "||scmp.com/sw.js",
    [
      558040
    ]
  ],
  [
    "||seattletimes.com/wp-content/plugins/st-user-messaging/$script",
    [
      558041
    ]
  ],
  [
    "||sportskeeda.com/js/production/web-notifications/",
    [
      558042
    ]
  ],
  [
    "||techwalla.com/push-service-worker.js",
    [
      558043
    ]
  ],
  [
    "||telegraphindia.com/akam-sw.js",
    [
      558044
    ]
  ],
  [
    "||timesnownews.com/sw.js",
    [
      558045
    ]
  ],
  [
    "||ultimedia.com/js/common/notification.js",
    [
      558046
    ]
  ],
  [
    "||weather.com/*.MedalliaSurvey.",
    [
      558047
    ]
  ],
  [
    "||0564.ua/assets/d6ade384/js/alertsWidget.js",
    [
      558048
    ]
  ],
  [
    "||ad-hoc-news.de/js/push.js",
    [
      558049
    ]
  ],
  [
    "||agazeta.com.br/assets/javascript/notification.js",
    [
      558050
    ]
  ],
  [
    "||cnnindonesia.com/sw.js",
    [
      558051
    ]
  ],
  [
    "||dcnews.ro/sm-",
    [
      558052
    ]
  ],
  [
    "||elpais.com.uy/utms.js",
    [
      558053
    ]
  ],
  [
    "||flashscore.fr^*/build/notifications.",
    [
      558054
    ]
  ],
  [
    "||futura-sciences.com/clientscript/push.js",
    [
      558055
    ]
  ],
  [
    "||horoscope.fr/notifications/",
    [
      558056
    ]
  ],
  [
    "||metrobilbao.eus/firebase-messaging-sw.js",
    [
      558057
    ]
  ],
  [
    "||push.idowa.de^",
    [
      558058
    ]
  ],
  [
    "||push.neko-san.fr^",
    [
      558059
    ]
  ],
  [
    "||pushme.magellanotech.it^",
    [
      558060
    ]
  ],
  [
    "||tio.ch/js/api.push.js",
    [
      558061
    ]
  ],
  [
    "||tutto.tv/wp-content/plugins/plugin-notifiche-",
    [
      558062
    ]
  ],
  [
    "||uchubiz.com/wp-content/themes/uchubiz/assets/js/push.js",
    [
      558063
    ]
  ],
  [
    "||static.chrono24.com/lib/generated/js/app-hint-layer.",
    [
      558064
    ]
  ],
  [
    "||tapcart.com/mobile-download-banner/banner-min.js",
    [
      558065
    ]
  ],
  [
    "@@||bostonherald.com^*/webpush.js$script,~third-party",
    [
      558066
    ]
  ],
  [
    "@@||braze.com/api/$domain=deezer.com",
    [
      558067
    ]
  ],
  [
    "@@||forums.opera.com/assets/src/modules/notifications.js$~third-party",
    [
      558068
    ]
  ],
  [
    "@@||inevent.com/js/wizard/pushNotification.js$script,~third-party",
    [
      558069
    ]
  ],
  [
    "@@||learner.mycreds.ca/assets/js/modules/notifications.min.js$~third-party",
    [
      558070
    ]
  ],
  [
    "@@||ledevoir.com/js/web-push.js$script,~third-party",
    [
      558071
    ]
  ],
  [
    "@@||oakley.com^*/notifications.js$~third-party",
    [
      558072
    ]
  ],
  [
    "@@||paste.crdroid.net/assets/js/modules/notifications.js$script,~third-party",
    [
      558073
    ]
  ],
  [
    "@@||snrcdn.net/sdk/3.0/synerise-javascript-sdk.min.js$domain=komputronik.pl",
    [
      558074
    ]
  ],
  [
    "@@||st.mycdn.me/static/*/WebPush.js$script,domain=ok.ru",
    [
      558075
    ]
  ],
  [
    "@@||webpush.jp/js/browserpushv3.js$domain=zakzak.co.jp",
    [
      558076
    ]
  ],
  [
    "@@||anadolu.edu.tr/assets/js/jquery.smartbanner.js$~third-party",
    [
      558077
    ]
  ],
  [
    "@@||assure.ameli.fr^*/smart-app-banner.js$~third-party",
    [
      558078
    ]
  ],
  [
    "@@||mafia.ua/js/jquery.smartbanner.js$script,~third-party",
    [
      558079
    ]
  ],
  [
    "@@||mirage.ru/js/jquery.smartbanner.js$script,~third-party",
    [
      558080
    ]
  ]
]