[
  [
    "sleeknotestaticcontent.sleeknote.com",
    [
      1104449
    ]
  ],
  [
    "||js.driftt.com/include$script",
    [
      1104450
    ]
  ],
  [
    "||assets.ubembed.com/universal$script",
    [
      1104451
    ]
  ],
  [
    "||lightboxcdn.com/vendor$script",
    [
      1104452
    ]
  ],
  [
    "||mailocator.net/_/$script",
    [
      1104453
    ]
  ],
  [
    "cdn1.pdmntn.com",
    [
      1104454
    ]
  ],
  [
    "||static.mailerlite.com/js$script",
    [
      1104455
    ]
  ],
  [
    "||pmdstatic.net/bundle.php$script",
    [
      1104456
    ]
  ],
  [
    "||front.optimonk.com/public/$script",
    [
      1104457
    ]
  ],
  [
    "/wp-content/plugins/newsletter-leads",
    [
      1104458
    ]
  ],
  [
    "||downloads.mailchimp.com/js/signup-forms$script",
    [
      1104459
    ]
  ],
  [
    "||conduit.mailchimpapp.com/js/stores$script",
    [
      1104460
    ]
  ],
  [
    "||a.optmnstr.com/app/js/$script",
    [
      1104461
    ]
  ],
  [
    "||getsocial.io/client$script",
    [
      1104462
    ]
  ],
  [
    "||static.ctctcdn.com/js/signup-form-widget$script,domain=~centerforhealthsecurity.org",
    [
      1104463
    ]
  ],
  [
    "||cdn.justuno.com/mwgt$script",
    [
      1104464
    ]
  ],
  [
    "||a.mailmunch.co/app/$script",
    [
      1104465
    ]
  ],
  [
    "/newsletterPopup.js",
    [
      1104466
    ]
  ],
  [
    "/pmgnews/overlay/newsletter",
    [
      1104467
    ]
  ],
  [
    "||dotmailer-surveys.com/scripts/survey.js$script",
    [
      1104468
    ]
  ],
  [
    "||yieldify.com/yieldify/code.js$script",
    [
      1104469
    ]
  ],
  [
    "||widget.privy.com/assets/widget.js$script",
    [
      1104470
    ]
  ],
  [
    "sumo.b-cdn.net",
    [
      1104471
    ]
  ],
  [
    "||connect.nosto.com/include$script",
    [
      1104472
    ]
  ],
  [
    "||chimpstatic.com/mcjs-connected/js/users$script",
    [
      1104473
    ]
  ],
  [
    "||assets.pcrl.co/js/$script",
    [
      1104474
    ]
  ],
  [
    "/wp-content/plugins/email-subscribers/widget/es-widget-page.js",
    [
      1104475
    ]
  ],
  [
    "||youlead.pl/Scripts/Dynamic.js$script",
    [
      1104476
    ]
  ],
  [
    "||m8.mailplus.nl/genericservice$script",
    [
      1104477
    ]
  ],
  [
    "||restapi.mailplus.nl/integrationservice$script",
    [
      1104478
    ]
  ],
  [
    "||snrcdn.net/sdk/$script",
    [
      1104479
    ]
  ],
  [
    "||cdn.dynamicyield.com/api$script,domain=~haix.de|~bancofalabella.cl",
    [
      1104480
    ]
  ],
  [
    "||static.newsletter2go.com/utils.js$script",
    [
      1104481
    ]
  ],
  [
    "/widget/ecNewsletterPopup/*",
    [
      1104482
    ]
  ],
  [
    "||a.optmstr.com/app/js/$script",
    [
      1104483
    ]
  ],
  [
    "||api.autopilothq.com/anywhere/$script",
    [
      1104484
    ]
  ],
  [
    "||c.salecycle.com/osr/config$script",
    [
      1104485
    ]
  ],
  [
    "/wp-content/plugins/thrive-leads/*$domain=~itnator.net",
    [
      1104486
    ]
  ],
  [
    "/wp-content/plugins/bloom/*",
    [
      1104487
    ]
  ],
  [
    "||js.hsleadflows.net/leadflows.js$script",
    [
      1104488
    ]
  ],
  [
    "/clientlib-newsletter.js",
    [
      1104489
    ]
  ],
  [
    "||c.lytics.io/static/pathfora$script",
    [
      1104490
    ]
  ],
  [
    "email-signup-form-popup.js",
    [
      1104491
    ]
  ],
  [
    "||netpeak.cloud/source/js$script",
    [
      1104492
    ]
  ],
  [
    "||bunting.com/call$script",
    [
      1104493
    ]
  ],
  [
    "||cdn.connectif.cloud/cl1/client-script/$script",
    [
      1104494
    ]
  ],
  [
    "/essb-optin-booster.js",
    [
      1104495
    ]
  ],
  [
    "f.convertkit.com",
    [
      1104496
    ]
  ],
  [
    "api.morningcatch.net",
    [
      1104497
    ]
  ],
  [
    "||shopify.privy.com/widget.js$script",
    [
      1104498
    ]
  ],
  [
    "load.sumo.com",
    [
      1104499
    ]
  ],
  [
    "||cdn.listrakbi.com/scripts/script.js$script",
    [
      1104500
    ]
  ],
  [
    "/wp-content/plugins/dreamgrow-scroll-triggered-box/*",
    [
      1104501
    ]
  ],
  [
    "||d3bo67muzbfgtl.cloudfront.net/edrone$script",
    [
      1104502
    ]
  ],
  [
    "/newsletter_modals.min.",
    [
      1104503
    ]
  ],
  [
    "my.hellobar.com",
    [
      1104504
    ]
  ],
  [
    "||screenpopper.com/s-hub$script",
    [
      1104505
    ]
  ],
  [
    "||static.scarabresearch.com/wpjs$script",
    [
      1104506
    ]
  ],
  [
    "||cdn.swellrewards.com/loader$script",
    [
      1104507
    ]
  ],
  [
    "||lifterpopup.com/js/modal.js$script",
    [
      1104508
    ]
  ],
  [
    "||lpages.co/leadbox$script",
    [
      1104509
    ]
  ],
  [
    "||cdn.crall.io/t/client.js$script",
    [
      1104510
    ]
  ],
  [
    "||a.opmnstr.com/app/js/$script",
    [
      1104511
    ]
  ],
  [
    "||app2.salesmanago.pl/dynamic$script",
    [
      1104512
    ]
  ],
  [
    "||se.monetate.net/js/$script",
    [
      1104513
    ]
  ],
  [
    "||cdn.blueconic.net/hearst.js$script",
    [
      1104514
    ]
  ],
  [
    "/js/website/modal-newsletter~rc-module-newsletter",
    [
      1104515
    ]
  ],
  [
    "||cdn.omniconvert.com/js$script",
    [
      1104516
    ]
  ],
  [
    "||cdn.omniconvert.com/async/js$script",
    [
      1104517
    ]
  ],
  [
    "/frosmo.easy.js",
    [
      1104518
    ]
  ],
  [
    "||static-sb.com/js/sb-tracker.js$script",
    [
      1104519
    ]
  ],
  [
    "||mailmojo.no/sdk.js$script",
    [
      1104520
    ]
  ],
  [
    "/wp-content/popupally-pro-scripts",
    [
      1104521
    ]
  ],
  [
    "||media-inea.ipresso.pl/monitoridentification$script",
    [
      1104522
    ]
  ],
  [
    "/wp-content/plugins/mailoptin/*",
    [
      1104523
    ]
  ],
  [
    "||a.optnmnstr.com/app/js/$script",
    [
      1104524
    ]
  ],
  [
    "||static.popmechanic.ru/service/loader.js$script",
    [
      1104525
    ]
  ],
  [
    "static.zotabox.com",
    [
      1104526
    ]
  ],
  [
    "||marketbeat.com/scripts/modal/affiliatepopup.js$script",
    [
      1104527
    ]
  ],
  [
    "||widget.pico.tools/static/js/bundle.js$script",
    [
      1104528
    ]
  ],
  [
    "||powr.io/powr.js$script",
    [
      1104529
    ]
  ],
  [
    "/wp-content/plugins/layered-popups/*",
    [
      1104530
    ]
  ],
  [
    "/wp-content/plugins/mailchimp-for-wp/*",
    [
      1104531
    ]
  ],
  [
    "||bounceexchange.com/tag$script",
    [
      1104532
    ]
  ],
  [
    "tag.bounceexchange.com",
    [
      1104533
    ]
  ],
  [
    "||leadpages.net/leadboxes/current$script",
    [
      1104534
    ]
  ],
  [
    "||flodesk.com/universal$script",
    [
      1104535
    ]
  ],
  [
    "||activehosted.com/f/embed.php$script,domain=~renegade.global",
    [
      1104536
    ]
  ],
  [
    "/wp-content/plugins/99robots-optin-fire/*",
    [
      1104537
    ]
  ],
  [
    "||getresponse.com/view_webform$script",
    [
      1104538
    ]
  ],
  [
    "||get.exitintel.com/load.js$script",
    [
      1104539
    ]
  ],
  [
    "/popup-by-supsystic/*",
    [
      1104540
    ]
  ],
  [
    "||cdn.jst.ai/mwgt$script",
    [
      1104541
    ]
  ],
  [
    "||milotree.com/container$script",
    [
      1104542
    ]
  ],
  [
    "/zaius-min.js",
    [
      1104543
    ]
  ],
  [
    "/wp-content/plugins/convertplug/*",
    [
      1104544
    ]
  ],
  [
    "/wp-content/plugins/optin-monster/*",
    [
      1104545
    ]
  ],
  [
    ".wisepops.com/get-loader.js",
    [
      1104546
    ]
  ],
  [
    "api.exponea.com",
    [
      1104547
    ]
  ],
  [
    "/ouibounce.min.js",
    [
      1104548
    ]
  ],
  [
    "||bluecore.com/triggermail$script",
    [
      1104549
    ]
  ],
  [
    "||cloudiq.com/tag$script",
    [
      1104550
    ]
  ],
  [
    "||leadpages.net/leadbars/current/embed.js$script",
    [
      1104551
    ]
  ],
  [
    "||s.sloyalty.com/site_media$script",
    [
      1104552
    ]
  ],
  [
    "||klaviyo.com/onsite/js/vendors~signupForms$script",
    [
      1104553
    ]
  ],
  [
    "/vidstore-popups/assets/public/js/newsletter.min.js",
    [
      1104554
    ]
  ],
  [
    "||app-abd.marketo.com/js$script",
    [
      1104555
    ]
  ],
  [
    "||omappapi.com/app$script",
    [
      1104556
    ]
  ],
  [
    "tag.getdrip.com",
    [
      1104557
    ]
  ],
  [
    "||zoho.com/js/optin$script",
    [
      1104558
    ]
  ],
  [
    "/entries?content_type=staticContentBlock&fields.id=email-capture",
    [
      1104559
    ]
  ],
  [
    "||cloud-iq.com/cartrecovery/store.js$script",
    [
      1104560
    ]
  ],
  [
    "/axnewsletter.js",
    [
      1104561
    ]
  ],
  [
    "/wp-content/plugins/popupally",
    [
      1104562
    ]
  ],
  [
    "api.omappapi.com",
    [
      1104563
    ]
  ],
  [
    "/email-capture/email-capture-",
    [
      1104564
    ]
  ],
  [
    "||californiatimes.com/newsletter-campaign-manager$script",
    [
      1104565
    ]
  ],
  [
    "||quitsnap-blue.com/js/os_engine.js$script",
    [
      1104566
    ]
  ],
  [
    "/wp-content/plugins/convertpro/*",
    [
      1104567
    ]
  ],
  [
    "/wp-content/plugins/optin-revolution/*",
    [
      1104568
    ]
  ],
  [
    "||addthis.com/js/300/addthis_widget.js$script",
    [
      1104569
    ]
  ],
  [
    "api-cis.exponea.com",
    [
      1104570
    ]
  ],
  [
    "||api.traq.li/public/sdk$script",
    [
      1104571
    ]
  ],
  [
    "tracking.retargeting.biz",
    [
      1104572
    ]
  ],
  [
    "ping.contactpigeon.com",
    [
      1104573
    ]
  ],
  [
    "/newsletter-invite.js",
    [
      1104574
    ]
  ],
  [
    "/Action-Subscribe-2019.js",
    [
      1104575
    ]
  ],
  [
    "||convertbox.com/convertbox$script",
    [
      1104576
    ]
  ],
  [
    "||birdsend.co/assets/static/js/pixel/main.js$script",
    [
      1104577
    ]
  ],
  [
    "||hd.koloo.net/oo.js$script",
    [
      1104578
    ]
  ],
  [
    "||receiptful.com/scripts/shopify.js$script",
    [
      1104579
    ]
  ],
  [
    "t2.netsalesmedia.pl",
    [
      1104580
    ]
  ],
  [
    "content.govdelivery.com",
    [
      1104581
    ]
  ],
  [
    "api.pushnami.com",
    [
      1104582
    ]
  ],
  [
    "/js/deploy/syndicated-newsletter",
    [
      1104583
    ]
  ],
  [
    "||klaviyo.com/onsite/js/signup_forms$script,domain=~ufpro.com|~worldwidestereo.com|~salada.com",
    [
      1104584
    ]
  ],
  [
    "popup.popupsmart.com",
    [
      1104585
    ]
  ],
  [
    "/mol-fe-newsletter-popup/*",
    [
      1104586
    ]
  ],
  [
    "cdn.popt.in",
    [
      1104587
    ]
  ],
  [
    "||data.whizeo.com/widgets$script",
    [
      1104588
    ]
  ],
  [
    "||securedvisit.com/js/sv.js$script",
    [
      1104589
    ]
  ],
  [
    "||dev.visualwebsiteoptimizer.com/j.php$script",
    [
      1104590
    ]
  ],
  [
    "||convertkitqa.com/ckjs$script",
    [
      1104591
    ]
  ],
  [
    "||bounceexchange.com/assets/smart-tag$script",
    [
      1104592
    ]
  ],
  [
    "||adoric-om.com/adoric.js$script",
    [
      1104593
    ]
  ],
  [
    "/wp-content/plugins/woo-coupon-box/*",
    [
      1104594
    ]
  ],
  [
    "forms.convertkit.com",
    [
      1104595
    ]
  ],
  [
    "||convertkit.com/assets^$third-party",
    [
      1104596
    ]
  ],
  [
    "||sdks.automizely.com/conversions$script",
    [
      1104597
    ]
  ],
  [
    "cdn.attn.tv",
    [
      1104598
    ]
  ],
  [
    "||cdn.threadloom.com/ga$script",
    [
      1104599
    ]
  ],
  [
    "/js/website/modal-newsletter",
    [
      1104600
    ]
  ],
  [
    "/exponea.min.js",
    [
      1104601
    ]
  ],
  [
    "||newell.evergage.com/beacon$script",
    [
      1104602
    ]
  ],
  [
    "/evergage.min.js",
    [
      1104603
    ]
  ],
  [
    "/klaviyo_subscribe.js",
    [
      1104604
    ]
  ],
  [
    "||mailcampaigns.nl/interface/popup$script",
    [
      1104605
    ]
  ],
  [
    "/next-gen/dist/NewsletterPopup",
    [
      1104606
    ]
  ],
  [
    "forms.smsbump.com",
    [
      1104607
    ]
  ],
  [
    "/mod_motivatingcoupon/facebox/*",
    [
      1104608
    ]
  ],
  [
    "||static.redeal.se/widget/js/redeal.js$script",
    [
      1104609
    ]
  ],
  [
    "||cdn.optinly.net$third-party",
    [
      1104610
    ]
  ],
  [
    "/rg_smartpopup/*",
    [
      1104611
    ]
  ],
  [
    "/alert/email_subscribe/*",
    [
      1104612
    ]
  ],
  [
    "/arengu-newsletter.js",
    [
      1104613
    ]
  ],
  [
    "/popup-newsletter-$script",
    [
      1104614
    ]
  ],
  [
    "||assets.mailerlite.com^$script",
    [
      1104615
    ]
  ],
  [
    "/ps_emailsubscription.js",
    [
      1104616
    ]
  ],
  [
    "||embedded.wishpondpages.com$third-party,subdocument",
    [
      1104617
    ]
  ],
  [
    "/hs-web-interactive-$third-party,subdocument",
    [
      1104618
    ]
  ],
  [
    "/ht_newsletterpopup",
    [
      1104619
    ]
  ],
  [
    "/avada-popup.min.js",
    [
      1104620
    ]
  ],
  [
    "||connectif.cloud^$third-party",
    [
      1104621
    ]
  ],
  [
    "||tr.vitals.co^$third-party",
    [
      1104622
    ]
  ],
  [
    "||optimove.net^$third-party",
    [
      1104623
    ]
  ],
  [
    "||sail-horizon.com^$third-party",
    [
      1104624
    ]
  ],
  [
    "/assets/section-mailing-popup.",
    [
      1104625
    ]
  ],
  [
    "NotificationDisclaimerControl.js$domain=vontobel.com",
    [
      1104626
    ]
  ],
  [
    "list-builder.js$domain=wanderlust.co.uk",
    [
      1104627
    ]
  ],
  [
    "/amd_modules/newsletter-hover$domain=webmd.com",
    [
      1104628
    ]
  ],
  [
    "/politica-privacidade/lightbox$domain=toysrus.pt",
    [
      1104629
    ]
  ],
  [
    "/opentag-$domain=jet2.com",
    [
      1104630
    ]
  ],
  [
    "global-lightbox.js$domain=drschollsshoes.com",
    [
      1104631
    ]
  ],
  [
    "/wpp-popup-frontend.js$domain=globalvoices.org",
    [
      1104632
    ]
  ],
  [
    "/email.js$domain=tp-link.com",
    [
      1104633
    ]
  ],
  [
    "||ibt-mail.com/view_webform$script,domain=ibtimes.com",
    [
      1104634
    ]
  ],
  [
    "/lightboxform.js$domain=tips.net",
    [
      1104635
    ]
  ],
  [
    "/esm.js$domain=yamahamotorsports.com",
    [
      1104636
    ]
  ],
  [
    "/aiosp-jsonp.js$domain=kleren.com",
    [
      1104637
    ]
  ],
  [
    "/vol-modal/*$domain=thepaintstore.com",
    [
      1104638
    ]
  ],
  [
    "||imimg.com/js/reqForms.min.js$script,domain=indiamart.com",
    [
      1104639
    ]
  ],
  [
    "try.abtasty.com$domain=leparisien.fr",
    [
      1104640
    ]
  ],
  [
    "/Action-Subscribe$domain=naturalnews.com",
    [
      1104641
    ]
  ],
  [
    "/sharing/popover.js$domain=mymemory.co.uk",
    [
      1104642
    ]
  ],
  [
    "/popup/tsr$domain=superyachtnews.com",
    [
      1104643
    ]
  ],
  [
    "/simpleSignupManager.chunk.js$domain=manning.com",
    [
      1104644
    ]
  ],
  [
    "cdn-promote.weebly.com$domain=weebly.com",
    [
      1104645
    ]
  ],
  [
    "/acquisition-tag.js$domain=latribune.fr",
    [
      1104646
    ]
  ],
  [
    "/pharmapopin/*$domain=pharmasimple.com",
    [
      1104647
    ]
  ],
  [
    "/crm.js$domain=fujifilm-x.com",
    [
      1104648
    ]
  ],
  [
    "/sven_daspopup/*$domain=adler-farbenmeister.com",
    [
      1104649
    ]
  ],
  [
    "/PopupNewsletter/GetLayer$domain=yoox.com",
    [
      1104650
    ]
  ],
  [
    "/emailcollection/*$domain=motorsport.com",
    [
      1104651
    ]
  ],
  [
    "/popoverv2.js*$domain=britishcornershop.co.uk",
    [
      1104652
    ]
  ],
  [
    "/fp-web-flyout-widget.min.js^$domain=getfirepush.com",
    [
      1104653
    ]
  ],
  [
    "/tingle.$domain=arcade1up.com",
    [
      1104654
    ]
  ],
  [
    "||tinypass.com/api/tinypass.min.js^$domain=technologyreview.com",
    [
      1104655
    ]
  ],
  [
    "/SysConsentComponent.js$domain=netpeak.net",
    [
      1104656
    ]
  ],
  [
    "||cdn.p-n.io/pushly$script",
    [
      1104657
    ]
  ],
  [
    "||app3.emlgrid.com/static/sm.js$script",
    [
      1104658
    ]
  ],
  [
    "webpush-desktop.chunk.js",
    [
      1104659
    ]
  ],
  [
    "||push4site.com/Static/Script/$script",
    [
      1104660
    ]
  ],
  [
    "cdn.ghostmonitor.com",
    [
      1104661
    ]
  ],
  [
    "notify.hindustantimes.com",
    [
      1104662
    ]
  ],
  [
    "webpush.interia.pl",
    [
      1104663
    ]
  ],
  [
    ".izooto.com/scripts",
    [
      1104664
    ]
  ],
  [
    "js.pusher.com$domain=~itv.com|~lickd.co|~foliohd.com",
    [
      1104665
    ]
  ],
  [
    "||push-ad.com/integration.php$script",
    [
      1104666
    ]
  ],
  [
    "||cdn.pushassist.com/account/assets/$script",
    [
      1104667
    ]
  ],
  [
    "||gadgets.ndtv.com/static/desktop/js/notification_popup-min.js$script",
    [
      1104668
    ]
  ],
  [
    "pusherism.com",
    [
      1104669
    ]
  ],
  [
    "pushnest.com",
    [
      1104670
    ]
  ],
  [
    "||getpushmonkey.com/sdk/config$script",
    [
      1104671
    ]
  ],
  [
    "||cdn.onesignal.com/sdks$script",
    [
      1104672
    ]
  ],
  [
    "||pushpushgo.com/js$script",
    [
      1104673
    ]
  ],
  [
    "cdn.sendpulse.com$domain=~movie4k.eu",
    [
      1104674
    ]
  ],
  [
    "||salesmanago.pl/static/sm.js$script",
    [
      1104675
    ]
  ],
  [
    "cdn.pushcrew.com",
    [
      1104676
    ]
  ],
  [
    "/streamlined-push-plugin.production.min.js",
    [
      1104677
    ]
  ],
  [
    "app.push-ad.com",
    [
      1104678
    ]
  ],
  [
    "/pushnotification/service-worker-script.js",
    [
      1104679
    ]
  ],
  [
    "/sp-push-worker.js",
    [
      1104680
    ]
  ],
  [
    "95p5qep4aq.com",
    [
      1104681
    ]
  ],
  [
    "||snrcdn.net/sdk/$script",
    [
      1104682
    ]
  ],
  [
    "via.batch.com",
    [
      1104683
    ]
  ],
  [
    "||wonderpush.com/sdk/$script",
    [
      1104684
    ]
  ],
  [
    "clientcdn.pushengage.com",
    [
      1104685
    ]
  ],
  [
    "||web-sdk.urbanairship.com/notify/$script",
    [
      1104686
    ]
  ],
  [
    "api.sociaplus.com",
    [
      1104687
    ]
  ],
  [
    "/plugins/tmx-push/*",
    [
      1104688
    ]
  ],
  [
    "/firebase-messaging.js$domain=~dn.pt|~jn.pt",
    [
      1104689
    ]
  ],
  [
    "pushno.com",
    [
      1104690
    ]
  ],
  [
    "pushwhy.com",
    [
      1104691
    ]
  ],
  [
    "pushame.com",
    [
      1104692
    ]
  ],
  [
    "||voirfilms.ws/sw.js$script",
    [
      1104693
    ]
  ],
  [
    "||siteswithcontent.com/js/push$script",
    [
      1104694
    ]
  ],
  [
    "||cdn.moengage.com/webpush$script",
    [
      1104695
    ]
  ],
  [
    "||brandflow.net/static/general/push-init-code.js$script",
    [
      1104696
    ]
  ],
  [
    "||cleverpush.com/channel/loader$script",
    [
      1104697
    ]
  ],
  [
    "||static.getback.ch/clients$script",
    [
      1104698
    ]
  ],
  [
    "/PushNotifications.",
    [
      1104699
    ]
  ],
  [
    "cdn.pushowl.com",
    [
      1104700
    ]
  ],
  [
    "||accengage.net/pushweb/$script",
    [
      1104701
    ]
  ],
  [
    "||cdn.foxpush.net/sdk/foxpush_SDK$script",
    [
      1104702
    ]
  ],
  [
    "||js.appboycdn.com/web-sdk/$script",
    [
      1104703
    ]
  ],
  [
    "||cdn.taboola.com/libtrc/tmg-network/loader.js$script",
    [
      1104704
    ]
  ],
  [
    "/js/push_subscription.js",
    [
      1104705
    ]
  ],
  [
    "||pushwoosh.com/webpush$script",
    [
      1104706
    ]
  ],
  [
    "push_service-worker.js",
    [
      1104707
    ]
  ],
  [
    "0_ghpush_client.js",
    [
      1104708
    ]
  ],
  [
    "||pastoupt.com/ntfc.php$script",
    [
      1104709
    ]
  ],
  [
    "||pushsar.com/ntfc.php$script",
    [
      1104710
    ]
  ],
  [
    "sdk.jeeng.com",
    [
      1104711
    ]
  ],
  [
    "||d3bo67muzbfgtl.cloudfront.net/edrone$script",
    [
      1104712
    ]
  ],
  [
    "||admessage.support/system_domain.js$script",
    [
      1104713
    ]
  ],
  [
    "/push/js/sdk/insider-push-native-sdk.js",
    [
      1104714
    ]
  ],
  [
    "pharance.com",
    [
      1104715
    ]
  ],
  [
    "||pushance.com/ntfc.php$script",
    [
      1104716
    ]
  ],
  [
    "||tattepush.com/push.js$script",
    [
      1104717
    ]
  ],
  [
    ".contentsitesrv.com/js/push",
    [
      1104718
    ]
  ],
  [
    "||jattepush.com/push.js$script",
    [
      1104719
    ]
  ],
  [
    "||pushanert.com/ntfc.php$script",
    [
      1104720
    ]
  ],
  [
    "/web-push/init.min.js$domain=~finanzen.ch|~finanzen.net|~finanzen.at",
    [
      1104721
    ]
  ],
  [
    "||aimtell.com/trackpush/trackpush.min.js$script",
    [
      1104722
    ]
  ],
  [
    "||hmcfront.akamaized.net/hd/extra/assets/www/notification.$script",
    [
      1104723
    ]
  ],
  [
    "/webpush.js",
    [
      1104724
    ]
  ],
  [
    "||youlead.pl/ylwebpush.js$script",
    [
      1104725
    ]
  ],
  [
    "push.delivery.ethinking.de",
    [
      1104726
    ]
  ],
  [
    "/web-push.js",
    [
      1104727
    ]
  ],
  [
    "||freeclick.me/?pu=$script",
    [
      1104728
    ]
  ],
  [
    "||cdn.pushalert.co/integrate$script",
    [
      1104729
    ]
  ],
  [
    "||cdn.gravitec.net/storage$script",
    [
      1104730
    ]
  ],
  [
    ".izooto.com/optin",
    [
      1104731
    ]
  ],
  [
    "cdn.qgraph.io",
    [
      1104732
    ]
  ],
  [
    "sw.wpush.org",
    [
      1104733
    ]
  ],
  [
    "||cdn.pn.vg/c/ig/pushnews.min.js$script",
    [
      1104734
    ]
  ],
  [
    "||subscribers.com/assets/subscribers.js$script",
    [
      1104735
    ]
  ],
  [
    "/webpush-loader.js",
    [
      1104736
    ]
  ],
  [
    "app.wigzo.com",
    [
      1104737
    ]
  ],
  [
    "app.getbeamer.com",
    [
      1104738
    ]
  ],
  [
    "api.signalize.com",
    [
      1104739
    ]
  ],
  [
    "cdn.letreach.com",
    [
      1104740
    ]
  ],
  [
    "gg.faromen.online",
    [
      1104741
    ]
  ],
  [
    "/js/webpushr.app",
    [
      1104742
    ]
  ],
  [
    "||pushwoosh.com/json$script",
    [
      1104743
    ]
  ],
  [
    "||pushpushgo.com/scripts$script",
    [
      1104744
    ]
  ],
  [
    "||hrbpark.bid/pushJs$script",
    [
      1104745
    ]
  ],
  [
    "||webpushs.com/js/push$script",
    [
      1104746
    ]
  ],
  [
    "wwopenclick.space",
    [
      1104747
    ]
  ],
  [
    "iss.shopimind.com",
    [
      1104748
    ]
  ],
  [
    "||cdn.pn.vg/push$script",
    [
      1104749
    ]
  ],
  [
    "/webpush-production.js",
    [
      1104750
    ]
  ],
  [
    "cdn.notifyvisitors.com",
    [
      1104751
    ]
  ],
  [
    "||cdn.webpushr.com/app$script",
    [
      1104752
    ]
  ],
  [
    "t2.netsalesmedia.pl",
    [
      1104753
    ]
  ],
  [
    "api.pushnami.com",
    [
      1104754
    ]
  ],
  [
    "/OneSignalSDK",
    [
      1104755
    ]
  ],
  [
    "||aswpsdkus.com/notify$script",
    [
      1104756
    ]
  ],
  [
    "/web-push-notification.js",
    [
      1104757
    ]
  ],
  [
    "/nano-webpush-ui",
    [
      1104758
    ]
  ],
  [
    "cdn.pushmaster-cdn.xyz",
    [
      1104759
    ]
  ],
  [
    "cdn.netmera-web.com",
    [
      1104760
    ]
  ],
  [
    "/smio-push-notification/*",
    [
      1104761
    ]
  ],
  [
    "/BildirtSDKfiles.js",
    [
      1104762
    ]
  ],
  [
    "cdn.onepush.app",
    [
      1104763
    ]
  ],
  [
    "||truepush.com/sdk$script",
    [
      1104764
    ]
  ],
  [
    "||assets.emarsys.net/web-emarsys-sdk/*$script",
    [
      1104765
    ]
  ],
  [
    "||notifpush.com/scripts$script",
    [
      1104766
    ]
  ],
  [
    "||js.smct.io/*/notifications*$script",
    [
      1104767
    ]
  ],
  [
    "push/push*$script",
    [
      1104768
    ]
  ],
  [
    "||pushwoosh.com^",
    [
      1104769
    ]
  ],
  [
    "/pushnotifications^",
    [
      1104770
    ]
  ],
  [
    "||sendsay.ru/backend/push/*",
    [
      1104771
    ]
  ],
  [
    "/social_push_notifications/*",
    [
      1104772
    ]
  ],
  [
    "||pushpanda.io^$third-party",
    [
      1104773
    ]
  ],
  [
    "||potisni.me/js/enable-push.js$third-party",
    [
      1104774
    ]
  ],
  [
    "/_pushAllow.js",
    [
      1104775
    ]
  ],
  [
    "/clevertap.min.js",
    [
      1104776
    ]
  ],
  [
    "plugins/tfnotifier-wp/*",
    [
      1104777
    ]
  ],
  [
    "messaging/webpush*",
    [
      1104778
    ]
  ],
  [
    "/service-webpush-firebase.js",
    [
      1104779
    ]
  ],
  [
    "/js/push.js",
    [
      1104780
    ]
  ],
  [
    "/notification.*.js$domain=~qudosbank.com.au",
    [
      1104781
    ]
  ],
  [
    "||notix.io^$third-party",
    [
      1104782
    ]
  ],
  [
    "||pushouse.com^$third-party",
    [
      1104783
    ]
  ],
  [
    "||yottlyscript.com/push/*",
    [
      1104784
    ]
  ],
  [
    "/wzrk_dialog.min.js",
    [
      1104785
    ]
  ],
  [
    "||gr-cdn-e.eu/*/push-notification^$script",
    [
      1104786
    ]
  ],
  [
    "||dengage.com^$third-party",
    [
      1104787
    ]
  ],
  [
    "/sw.js$domain=pinterest.com",
    [
      1104788
    ]
  ],
  [
    "/public/spartanien/js/sw_handler$domain=spartanien.de",
    [
      1104789
    ]
  ],
  [
    "/pushes/notification.js$domain=rt.com",
    [
      1104790
    ]
  ],
  [
    "/js/subscriber$domain=mitula.pt",
    [
      1104791
    ]
  ],
  [
    "/firebase.js$domain=alibaba.com",
    [
      1104792
    ]
  ],
  [
    "/sw.js$domain=1337x.is",
    [
      1104793
    ]
  ],
  [
    "/sw.js$domain=1337x.to",
    [
      1104794
    ]
  ],
  [
    "push-main.js$domain=ndtv.com",
    [
      1104795
    ]
  ],
  [
    "/js/adNotice.js$domain=hardwarezone.com.sg",
    [
      1104796
    ]
  ],
  [
    "/push/*$domain=tut.by",
    [
      1104797
    ]
  ],
  [
    "/firebase.min.js$domain=azoresgetaways.com",
    [
      1104798
    ]
  ],
  [
    "/firebase.js$domain=tribunavalladolid.com",
    [
      1104799
    ]
  ],
  [
    "client-.js$domain=hoerbuch.us",
    [
      1104800
    ]
  ],
  [
    "/js/a.js$domain=allevents.in",
    [
      1104801
    ]
  ],
  [
    "notifi.min.js$domain=antyradio.pl",
    [
      1104802
    ]
  ],
  [
    "/app.js$domain=lightinthebox.com",
    [
      1104803
    ]
  ],
  [
    "/min/js/sw/*$domain=sputniknews.com",
    [
      1104804
    ]
  ],
  [
    "/clientt.js$domain=cript.to",
    [
      1104805
    ]
  ],
  [
    "wsNotification.js$domain=wondershare.com",
    [
      1104806
    ]
  ],
  [
    "||tags.tiqcdn.com/utag$script,domain=national-lottery.co.uk",
    [
      1104807
    ]
  ],
  [
    "/notification-topics.js^$domain=winnipegfreepress.com",
    [
      1104808
    ]
  ],
  [
    "nebula-cdn.kampyle.com",
    [
      1104809
    ]
  ],
  [
    "||turbo.qualaroo.com/c.js$script",
    [
      1104810
    ]
  ],
  [
    "||scripts.psyma.com/layer_question$script",
    [
      1104811
    ]
  ],
  [
    "w.usabilla.com",
    [
      1104812
    ]
  ],
  [
    "||static.hotjar.com/c/hotjar$script",
    [
      1104813
    ]
  ],
  [
    "||scripts.psyma.com/html/layer/json_question.php$script",
    [
      1104814
    ]
  ],
  [
    "||visualwebsiteoptimizer.com/va_survey$script",
    [
      1104815
    ]
  ],
  [
    "gateway.answerscloud.com",
    [
      1104816
    ]
  ],
  [
    "st.getsitecontrol.com",
    [
      1104817
    ]
  ],
  [
    "||survey.g.doubleclick.net/survey$script",
    [
      1104818
    ]
  ],
  [
    "/opiniac.js",
    [
      1104819
    ]
  ],
  [
    "||ssl.ceneo.pl/shops/$script",
    [
      1104820
    ]
  ],
  [
    "||cloud.netquest.sk/scripts/widget$script",
    [
      1104821
    ]
  ],
  [
    "||storage.googleapis.com/outfox/ocs/surveys/$script",
    [
      1104822
    ]
  ],
  [
    "||kameleoon.eu/kameleoon.js$script",
    [
      1104823
    ]
  ],
  [
    "||invitation.opinionbar.com/wit/popups$script",
    [
      1104824
    ]
  ],
  [
    "||neads.delivery/opinion-seed-embed.js$script",
    [
      1104825
    ]
  ],
  [
    "||collect.mopinion.com/assets/surveys/$script",
    [
      1104826
    ]
  ],
  [
    "/runtimejs/dist/survey/js/survey.js$domain=~alchemer.eu",
    [
      1104827
    ]
  ],
  [
    "||surveygizmobeacon.s3.amazonaws.com/beaconconfigs/$script",
    [
      1104828
    ]
  ],
  [
    "||cpx.smind.hr/Log/LogData$script",
    [
      1104829
    ]
  ],
  [
    "||widget.surveymonkey.com/collect$script,domain=~onboarding.italki.com",
    [
      1104830
    ]
  ],
  [
    "||cdn.feedbackify.com/f.js$script",
    [
      1104831
    ]
  ],
  [
    "||invitation.opinionbar.com/popups$script",
    [
      1104832
    ]
  ],
  [
    "/bundles/Scripts/OpinionLab.js",
    [
      1104833
    ]
  ],
  [
    "||survey.nuggad.net/c/layer-html$script",
    [
      1104834
    ]
  ],
  [
    "||ips-invite.iperceptions.com/invitations$script",
    [
      1104835
    ]
  ],
  [
    "/oo_engine.min.js",
    [
      1104836
    ]
  ],
  [
    "||userzoom.com/feedback$script",
    [
      1104837
    ]
  ],
  [
    "||invite.leanlab.co/invite/invite.js$script",
    [
      1104838
    ]
  ],
  [
    "||userreport.com/newsquest/launcher.js$script",
    [
      1104839
    ]
  ],
  [
    "siteintercept.qualtrics.com",
    [
      1104840
    ]
  ],
  [
    "||sandsiv.com/digi_runner.js?surveyId$script",
    [
      1104841
    ]
  ],
  [
    "||digitalfeedback.euro.confirmit.com/api$script",
    [
      1104842
    ]
  ],
  [
    "||taskanalytics.com/tm.js$script",
    [
      1104843
    ]
  ],
  [
    "popup.designtutkimus.fi",
    [
      1104844
    ]
  ],
  [
    "||guitaretab.com/static/js/hats$script",
    [
      1104845
    ]
  ],
  [
    "/v1/survey_invite.min.js",
    [
      1104846
    ]
  ],
  [
    "||app.alpheid.com/js/marketing_automation$script",
    [
      1104847
    ]
  ],
  [
    "||siteimproveanalytics.com/js/siteanalyze$script",
    [
      1104848
    ]
  ],
  [
    "||cdn.judge.me/shopify_v2.js$script",
    [
      1104849
    ]
  ],
  [
    "||static.yourcx.io/customers$script",
    [
      1104850
    ]
  ],
  [
    "||webankieta.pl/scripts/widget$script",
    [
      1104851
    ]
  ],
  [
    "popin.survey-xact.dk",
    [
      1104852
    ]
  ],
  [
    "||myaudience.de/sv/rifflejs.php$script",
    [
      1104853
    ]
  ],
  [
    "||survey.survicate.com/workspaces$script",
    [
      1104854
    ]
  ],
  [
    "||tryinteract.com/promotions/init.js$script",
    [
      1104855
    ]
  ],
  [
    "||scripts.psyma.com/scripts$script",
    [
      1104856
    ]
  ],
  [
    "||surveygizmo.eu/runtimejs/intercept$script",
    [
      1104857
    ]
  ],
  [
    "widgets.opinary.com",
    [
      1104858
    ]
  ],
  [
    "||uxfeedback.ru/widget.js$script",
    [
      1104859
    ]
  ],
  [
    "||e-satisfaction.com/dist/js/integration$script",
    [
      1104860
    ]
  ],
  [
    "||gateway.foresee.com$third-party",
    [
      1104861
    ]
  ],
  [
    "/vendor/opinionlab/*$domain=lenovo.com",
    [
      1104862
    ]
  ],
  [
    "survey.js$domain=medier24.no",
    [
      1104863
    ]
  ],
  [
    "/components-nps-survey$domain=spanishdict.com",
    [
      1104864
    ]
  ],
  [
    "ExitIntentModal.js$domain=stepstone.de",
    [
      1104865
    ]
  ],
  [
    "/surveys/*$domain=europa.eu",
    [
      1104866
    ]
  ],
  [
    "||visitor.reactful.com/dist/main$script",
    [
      1104867
    ]
  ],
  [
    "/popup/puppy.js$domain=sueddeutsche.de",
    [
      1104868
    ]
  ],
  [
    "||userreport.com/aperitif/launcher.js",
    [
      1104869
    ]
  ],
  [
    "||apps.veedio.it/js/videobox$script",
    [
      1104870
    ]
  ],
  [
    "/responsive-player/video-feature-sticky.js",
    [
      1104871
    ]
  ],
  [
    "||s-pt.ppstatic.pl/p/js/regionalne/plywajace_wideo.js$script",
    [
      1104872
    ]
  ],
  [
    "/js/compiled/atoms/article/sticky-video.js",
    [
      1104873
    ]
  ],
  [
    "||sdk.digitalbees.it/jssdk.js$script",
    [
      1104874
    ]
  ],
  [
    "||live.sekindo.com/live/liveView.php$script",
    [
      1104875
    ]
  ],
  [
    "||c.jsrdn.com/s/cs.js$script",
    [
      1104876
    ]
  ],
  [
    "||playwire.com/plugins/docky.min.js$script",
    [
      1104877
    ]
  ],
  [
    "||cdn.connatix.com/min/connatix.renderer.infeed.min.js$script",
    [
      1104878
    ]
  ],
  [
    "||ultimedia.com/api/widget/smart$script",
    [
      1104879
    ]
  ],
  [
    "||stream.playbuzz.com/embed/sdk.js$script",
    [
      1104880
    ]
  ],
  [
    "||delivery.youplay.se/load.js$script",
    [
      1104881
    ]
  ],
  [
    "embed.sendtonews.com",
    [
      1104882
    ]
  ],
  [
    "/wp-content/plugins/pmc-plugins/pmc-adm/*",
    [
      1104883
    ]
  ],
  [
    "||services.brid.tv/player$script",
    [
      1104884
    ]
  ],
  [
    "||mgid.com/js/wglibs/mgWidget$script",
    [
      1104885
    ]
  ],
  [
    "/stn-player.js$domain=titantv.com",
    [
      1104886
    ]
  ],
  [
    "||vplayer.enthusiastgaming.com/player/build/plugins/slideinview/*",
    [
      1104887
    ]
  ],
  [
    "/mol-adverts-delayed.js$domain=dailymail.co.uk",
    [
      1104888
    ]
  ],
  [
    "/twocol_article_autoplay/*$domain=belfasttelegraph.co.uk",
    [
      1104889
    ]
  ],
  [
    "players.brightcove.net$domain=uproxx.com",
    [
      1104890
    ]
  ],
  [
    "/coronaWidget5/*$domain=ibtimes.sg",
    [
      1104891
    ]
  ]
]